// Jest Snapshot v1, https://goo.gl/fbAQLP

exports[`Header renders and matches snapshot 1`] = `
<nav
  aria-label="Pagination"
  class="Polaris-Pagination"
>
  <button
    aria-label="Previous"
    class="Polaris-Pagination__Button"
    disabled=""
    type="button"
  >
    <span
      class="Polaris-Icon"
    >
      <svg
        aria-hidden="true"
        class="Polaris-Icon__Svg"
        focusable="false"
        viewBox="0 0 20 20"
      >
        <path
          d="M17 9H5.414l3.293-3.293a.999.999 0 1 0-1.414-1.414l-5 5a.999.999 0 0 0 0 1.414l5 5a.997.997 0 0 0 1.414 0 .999.999 0 0 0 0-1.414L5.414 11H17a1 1 0 1 0 0-2z"
        />
      </svg>
    </span>
  </button>
  <div
    aria-live="polite"
    class="Polaris-Pagination__Label"
  >
    <span
      class="Polaris-TextStyle--variationSubdued"
    >
      Page 1 of 1
    </span>
  </div>
  <button
    aria-label="Next"
    class="Polaris-Pagination__Button"
    disabled=""
    type="button"
  >
    <span
      class="Polaris-Icon"
    >
      <svg
        aria-hidden="true"
        class="Polaris-Icon__Svg"
        focusable="false"
        viewBox="0 0 20 20"
      >
        <path
          d="M17.707 9.293l-5-5a.999.999 0 1 0-1.414 1.414L14.586 9H3a1 1 0 1 0 0 2h11.586l-3.293 3.293a.999.999 0 1 0 1.414 1.414l5-5a.999.999 0 0 0 0-1.414z"
        />
      </svg>
    </span>
  </button>
</nav>
`;
