// Jest Snapshot v1, https://goo.gl/fbAQLP

exports[`Sidebar renders and matches snapshot 1`] = `
<div
  class="Polaris-Sheet"
  role="dialog"
  tabindex="-1"
>
  <div
    style="display: flex; flex-direction: column; height: 100%;"
  >
    <div
      style="align-items: center; border-bottom: 1px solid #DFE3E8; display: flex; justify-content: space-between; padding: 1.6rem; width: 100%;"
    >
      <h2
        class="Polaris-Heading"
      >
        Your nominations
      </h2>
      <button
        aria-label="Cancel"
        class="Polaris-Button Polaris-Button--plain Polaris-Button--iconOnly"
        type="button"
      >
        <span
          class="Polaris-Button__Content"
        >
          <span
            class="Polaris-Button__Icon"
          >
            <span
              class="Polaris-Icon"
            >
              <svg
                aria-hidden="true"
                class="Polaris-Icon__Svg"
                focusable="false"
                viewBox="0 0 20 20"
              >
                <path
                  d="M11.414 10l6.293-6.293a1 1 0 1 0-1.414-1.414L10 8.586 3.707 2.293a1 1 0 0 0-1.414 1.414L8.586 10l-6.293 6.293a1 1 0 1 0 1.414 1.414L10 11.414l6.293 6.293A.998.998 0 0 0 18 17a.999.999 0 0 0-.293-.707L11.414 10z"
                />
              </svg>
            </span>
          </span>
        </span>
      </button>
    </div>
    <div
      class="Polaris-Scrollable Polaris-Scrollable--vertical"
      data-polaris-scrollable="true"
      style="height: 100%;"
    >
      <div
        class="Polaris-ResourceList__ResourceListWrapper"
      >
        <ul
          aria-live="polite"
          class="Polaris-ResourceList"
        >
          <li
            class="Polaris-ResourceItem__ListItem"
          >
            <div
              class="Polaris-ResourceItem__ItemWrapper"
            >
              <div
                class="Polaris-ResourceItem"
              >
                <button
                  aria-label="View details for test"
                  class="Polaris-ResourceItem__Button"
                  tabindex="0"
                />
                <div
                  class="Polaris-ResourceItem__Container Polaris-ResourceItem--alignmentCenter"
                  id="132"
                >
                  <div
                    class="Polaris-ResourceItem__Owned"
                  >
                    <div
                      class="Polaris-ResourceItem__Media"
                    >
                      <img
                        alt="Poster for test"
                        src="123"
                        style="max-width: 100px;"
                      />
                    </div>
                  </div>
                  <div
                    class="Polaris-ResourceItem__Content"
                  >
                    <div
                      class="Polaris-TextContainer"
                    >
                      <h2
                        class="Polaris-Heading"
                      >
                        test
                      </h2>
                      <h3
                        class="Polaris-Subheading"
                      >
                        1234
                      </h3>
                      <button
                        class="Polaris-Button Polaris-Button--destructive"
                        type="button"
                      >
                        <span
                          class="Polaris-Button__Content"
                        >
                          <span
                            class="Polaris-Button__Text"
                          >
                            Remove
                          </span>
                        </span>
                      </button>
                    </div>
                  </div>
                </div>
              </div>
            </div>
          </li>
        </ul>
      </div>
    </div>
    <div
      style="align-items: center; border-top: 1px solid #DFE3E8; display: flex; justify-content: space-between; padding: 1.6rem; width: 100%;"
    >
      <button
        class="Polaris-Button"
        type="button"
      >
        <span
          class="Polaris-Button__Content"
        >
          <span
            class="Polaris-Button__Text"
          >
            Cancel
          </span>
        </span>
      </button>
      <button
        class="Polaris-Button Polaris-Button--primary Polaris-Button--disabled"
        disabled=""
        type="button"
      >
        <span
          class="Polaris-Button__Content"
        >
          <span
            class="Polaris-Button__Text"
          >
            Submit Nominees
          </span>
        </span>
      </button>
    </div>
  </div>
</div>
`;
